------------------------------------------------------------
Timing Analyzer Summary
------------------------------------------------------------

Type  : Slow 1200mV 85C Model Setup 'inst1|altpll_component|auto_generated|pll1|clk[0]'
Slack : -21.019
TNS   : -405.514

Type  : Slow 1200mV 85C Model Setup 'SCOMP:inst|IO_CYCLE'
Slack : -10.797
TNS   : -51026.261

Type  : Slow 1200mV 85C Model Setup 'clk_div:inst5|clock_100kHz'
Slack : -6.296
TNS   : -222.059

Type  : Slow 1200mV 85C Model Setup 'I2C_INTERFACE:inst14|i2c_master:inst|data_clk'
Slack : -5.509
TNS   : -136.966

Type  : Slow 1200mV 85C Model Setup 'clk_div:inst5|clock_32Hz'
Slack : -1.822
TNS   : -19.603

Type  : Slow 1200mV 85C Model Hold 'SCOMP:inst|IO_CYCLE'
Slack : -4.696
TNS   : -9997.424

Type  : Slow 1200mV 85C Model Hold 'clk_div:inst5|clock_100kHz'
Slack : 0.342
TNS   : 0.000

Type  : Slow 1200mV 85C Model Hold 'I2C_INTERFACE:inst14|i2c_master:inst|data_clk'
Slack : 0.344
TNS   : 0.000

Type  : Slow 1200mV 85C Model Hold 'clk_div:inst5|clock_32Hz'
Slack : 0.355
TNS   : 0.000

Type  : Slow 1200mV 85C Model Hold 'inst1|altpll_component|auto_generated|pll1|clk[0]'
Slack : 0.363
TNS   : 0.000

Type  : Slow 1200mV 85C Model Recovery 'clk_div:inst5|clock_32Hz'
Slack : -4.906
TNS   : -78.472

Type  : Slow 1200mV 85C Model Recovery 'SCOMP:inst|IO_CYCLE'
Slack : 0.712
TNS   : 0.000

Type  : Slow 1200mV 85C Model Removal 'SCOMP:inst|IO_CYCLE'
Slack : -0.502
TNS   : -0.502

Type  : Slow 1200mV 85C Model Removal 'clk_div:inst5|clock_32Hz'
Slack : 3.382
TNS   : 0.000

Type  : Slow 1200mV 85C Model Minimum Pulse Width 'SCOMP:inst|IO_CYCLE'
Slack : -1.403
TNS   : -8847.318

Type  : Slow 1200mV 85C Model Minimum Pulse Width 'I2C_INTERFACE:inst14|i2c_master:inst|data_clk'
Slack : -1.403
TNS   : -70.150

Type  : Slow 1200mV 85C Model Minimum Pulse Width 'clk_div:inst5|clock_100kHz'
Slack : -1.403
TNS   : -65.941

Type  : Slow 1200mV 85C Model Minimum Pulse Width 'clk_div:inst5|clock_32Hz'
Slack : -1.403
TNS   : -22.448

Type  : Slow 1200mV 85C Model Minimum Pulse Width 'clock_50'
Slack : 9.844
TNS   : 0.000

Type  : Slow 1200mV 85C Model Minimum Pulse Width 'inst1|altpll_component|auto_generated|pll1|clk[0]'
Slack : 49.679
TNS   : 0.000

Type  : Slow 1200mV 0C Model Setup 'inst1|altpll_component|auto_generated|pll1|clk[0]'
Slack : -19.211
TNS   : -367.655

Type  : Slow 1200mV 0C Model Setup 'SCOMP:inst|IO_CYCLE'
Slack : -9.792
TNS   : -46517.244

Type  : Slow 1200mV 0C Model Setup 'clk_div:inst5|clock_100kHz'
Slack : -5.805
TNS   : -204.434

Type  : Slow 1200mV 0C Model Setup 'I2C_INTERFACE:inst14|i2c_master:inst|data_clk'
Slack : -5.019
TNS   : -124.918

Type  : Slow 1200mV 0C Model Setup 'clk_div:inst5|clock_32Hz'
Slack : -1.533
TNS   : -16.170

Type  : Slow 1200mV 0C Model Hold 'SCOMP:inst|IO_CYCLE'
Slack : -4.229
TNS   : -8823.690

Type  : Slow 1200mV 0C Model Hold 'clk_div:inst5|clock_100kHz'
Slack : 0.307
TNS   : 0.000

Type  : Slow 1200mV 0C Model Hold 'I2C_INTERFACE:inst14|i2c_master:inst|data_clk'
Slack : 0.308
TNS   : 0.000

Type  : Slow 1200mV 0C Model Hold 'clk_div:inst5|clock_32Hz'
Slack : 0.322
TNS   : 0.000

Type  : Slow 1200mV 0C Model Hold 'inst1|altpll_component|auto_generated|pll1|clk[0]'
Slack : 0.322
TNS   : 0.000

Type  : Slow 1200mV 0C Model Recovery 'clk_div:inst5|clock_32Hz'
Slack : -4.416
TNS   : -70.622

Type  : Slow 1200mV 0C Model Recovery 'SCOMP:inst|IO_CYCLE'
Slack : 0.896
TNS   : 0.000

Type  : Slow 1200mV 0C Model Removal 'SCOMP:inst|IO_CYCLE'
Slack : -0.564
TNS   : -0.564

Type  : Slow 1200mV 0C Model Removal 'clk_div:inst5|clock_32Hz'
Slack : 3.229
TNS   : 0.000

Type  : Slow 1200mV 0C Model Minimum Pulse Width 'SCOMP:inst|IO_CYCLE'
Slack : -1.403
TNS   : -9426.328

Type  : Slow 1200mV 0C Model Minimum Pulse Width 'I2C_INTERFACE:inst14|i2c_master:inst|data_clk'
Slack : -1.403
TNS   : -70.150

Type  : Slow 1200mV 0C Model Minimum Pulse Width 'clk_div:inst5|clock_100kHz'
Slack : -1.403
TNS   : -65.941

Type  : Slow 1200mV 0C Model Minimum Pulse Width 'clk_div:inst5|clock_32Hz'
Slack : -1.403
TNS   : -22.448

Type  : Slow 1200mV 0C Model Minimum Pulse Width 'clock_50'
Slack : 9.857
TNS   : 0.000

Type  : Slow 1200mV 0C Model Minimum Pulse Width 'inst1|altpll_component|auto_generated|pll1|clk[0]'
Slack : 49.700
TNS   : 0.000

Type  : Fast 1200mV 0C Model Setup 'inst1|altpll_component|auto_generated|pll1|clk[0]'
Slack : -8.844
TNS   : -166.826

Type  : Fast 1200mV 0C Model Setup 'SCOMP:inst|IO_CYCLE'
Slack : -4.468
TNS   : -19359.983

Type  : Fast 1200mV 0C Model Setup 'clk_div:inst5|clock_100kHz'
Slack : -2.082
TNS   : -68.223

Type  : Fast 1200mV 0C Model Setup 'I2C_INTERFACE:inst14|i2c_master:inst|data_clk'
Slack : -1.870
TNS   : -36.806

Type  : Fast 1200mV 0C Model Setup 'clk_div:inst5|clock_32Hz'
Slack : -0.136
TNS   : -0.376

Type  : Fast 1200mV 0C Model Hold 'SCOMP:inst|IO_CYCLE'
Slack : -2.223
TNS   : -5445.569

Type  : Fast 1200mV 0C Model Hold 'I2C_INTERFACE:inst14|i2c_master:inst|data_clk'
Slack : 0.136
TNS   : 0.000

Type  : Fast 1200mV 0C Model Hold 'clk_div:inst5|clock_100kHz'
Slack : 0.149
TNS   : 0.000

Type  : Fast 1200mV 0C Model Hold 'clk_div:inst5|clock_32Hz'
Slack : 0.152
TNS   : 0.000

Type  : Fast 1200mV 0C Model Hold 'inst1|altpll_component|auto_generated|pll1|clk[0]'
Slack : 0.180
TNS   : 0.000

Type  : Fast 1200mV 0C Model Recovery 'clk_div:inst5|clock_32Hz'
Slack : -2.102
TNS   : -33.623

Type  : Fast 1200mV 0C Model Recovery 'SCOMP:inst|IO_CYCLE'
Slack : 0.560
TNS   : 0.000

Type  : Fast 1200mV 0C Model Removal 'SCOMP:inst|IO_CYCLE'
Slack : 0.001
TNS   : 0.000

Type  : Fast 1200mV 0C Model Removal 'clk_div:inst5|clock_32Hz'
Slack : 1.240
TNS   : 0.000

Type  : Fast 1200mV 0C Model Minimum Pulse Width 'SCOMP:inst|IO_CYCLE'
Slack : -1.000
TNS   : -6512.001

Type  : Fast 1200mV 0C Model Minimum Pulse Width 'I2C_INTERFACE:inst14|i2c_master:inst|data_clk'
Slack : -1.000
TNS   : -50.000

Type  : Fast 1200mV 0C Model Minimum Pulse Width 'clk_div:inst5|clock_100kHz'
Slack : -1.000
TNS   : -47.000

Type  : Fast 1200mV 0C Model Minimum Pulse Width 'clk_div:inst5|clock_32Hz'
Slack : -1.000
TNS   : -16.000

Type  : Fast 1200mV 0C Model Minimum Pulse Width 'clock_50'
Slack : 9.532
TNS   : 0.000

Type  : Fast 1200mV 0C Model Minimum Pulse Width 'inst1|altpll_component|auto_generated|pll1|clk[0]'
Slack : 49.712
TNS   : 0.000

------------------------------------------------------------
